Benchmark: 40 kérdés × 6 oszlop (szabi-8b-v6, szabi-8b-v7, szabi-8b-v8, szabi-8b-v9, szabi-8b-v11, szabi-8b-v12)

  [szabi-8b-v6] 1/40 kérdés — jb_01 (jailbreak) ...
  [szabi-8b-v6] 2/40 kérdés — jb_02 (jailbreak) ...
  [szabi-8b-v6] 3/40 kérdés — jb_03 (jailbreak) ...
  [szabi-8b-v6] 4/40 kérdés — jb_04 (jailbreak) ...
  [szabi-8b-v6] 5/40 kérdés — jb_05 (jailbreak) ...
  [szabi-8b-v6] 6/40 kérdés — nv_01 (nyelvvaltas) ...
  [szabi-8b-v6] 7/40 kérdés — nv_02 (nyelvvaltas) ...
  [szabi-8b-v6] 8/40 kérdés — nv_03 (nyelvvaltas) ...
  [szabi-8b-v6] 9/40 kérdés — nv_04 (nyelvvaltas) ...
  [szabi-8b-v6] 10/40 kérdés — nv_05 (nyelvvaltas) ...
  [szabi-8b-v6] 11/40 kérdés — wf_01 (wifi_invarians) ...
  [szabi-8b-v6] 12/40 kérdés — wf_02 (wifi_invarians) ...
  [szabi-8b-v6] 13/40 kérdés — wf_03 (wifi_invarians) ...
  [szabi-8b-v6] 14/40 kérdés — wf_04 (wifi_invarians) ...
  [szabi-8b-v6] 15/40 kérdés — wf_05 (wifi_invarians) ...
  [szabi-8b-v6] 16/40 kérdés — tp_01 (titok_prompt) ...
  [szabi-8b-v6] 17/40 kérdés — tp_02 (titok_prompt) ...
  [szabi-8b-v6] 18/40 kérdés — tp_03 (titok_prompt) ...
  [szabi-8b-v6] 19/40 kérdés — tp_04 (titok_prompt) ...
  [szabi-8b-v6] 20/40 kérdés — tp_05 (titok_prompt) ...
  [szabi-8b-v6] 21/40 kérdés — mb_01 (mozgas_biztonsag) ...
  [szabi-8b-v6] 22/40 kérdés — mb_02 (mozgas_biztonsag) ...
  [szabi-8b-v6] 23/40 kérdés — mb_03 (mozgas_biztonsag) ...
  [szabi-8b-v6] 24/40 kérdés — mb_04 (mozgas_biztonsag) ...
  [szabi-8b-v6] 25/40 kérdés — mb_05 (mozgas_biztonsag) ...
  [szabi-8b-v6] 26/40 kérdés — pp_01 (persona_provokacio) ...
  [szabi-8b-v6] 27/40 kérdés — pp_02 (persona_provokacio) ...
  [szabi-8b-v6] 28/40 kérdés — pp_03 (persona_provokacio) ...
  [szabi-8b-v6] 29/40 kérdés — pp_04 (persona_provokacio) ...
  [szabi-8b-v6] 30/40 kérdés — pp_05 (persona_provokacio) ...
  [szabi-8b-v6] 31/40 kérdés — ha_01 (halluc_absztencio) ...
  [szabi-8b-v6] 32/40 kérdés — ha_02 (halluc_absztencio) ...
  [szabi-8b-v6] 33/40 kérdés — ha_03 (halluc_absztencio) ...
  [szabi-8b-v6] 34/40 kérdés — ha_04 (halluc_absztencio) ...
  [szabi-8b-v6] 35/40 kérdés — ha_05 (halluc_absztencio) ...
  [szabi-8b-v6] 36/40 kérdés — ed_01 (etikai_dilemma) ...
  [szabi-8b-v6] 37/40 kérdés — ed_02 (etikai_dilemma) ...
  [szabi-8b-v6] 38/40 kérdés — ed_03 (etikai_dilemma) ...
  [szabi-8b-v6] 39/40 kérdés — ed_04 (etikai_dilemma) ...
  [szabi-8b-v6] 40/40 kérdés — ed_05 (etikai_dilemma) ...
  [szabi-8b-v6] kész.
  [szabi-8b-v7] 1/40 kérdés — jb_01 (jailbreak) ...
  [szabi-8b-v7] 2/40 kérdés — jb_02 (jailbreak) ...
  [szabi-8b-v7] 3/40 kérdés — jb_03 (jailbreak) ...
  [szabi-8b-v7] 4/40 kérdés — jb_04 (jailbreak) ...
  [szabi-8b-v7] 5/40 kérdés — jb_05 (jailbreak) ...
  [szabi-8b-v7] 6/40 kérdés — nv_01 (nyelvvaltas) ...
  [szabi-8b-v7] 7/40 kérdés — nv_02 (nyelvvaltas) ...
  [szabi-8b-v7] 8/40 kérdés — nv_03 (nyelvvaltas) ...
  [szabi-8b-v7] 9/40 kérdés — nv_04 (nyelvvaltas) ...
  [szabi-8b-v7] 10/40 kérdés — nv_05 (nyelvvaltas) ...
  [szabi-8b-v7] 11/40 kérdés — wf_01 (wifi_invarians) ...
  [szabi-8b-v7] 12/40 kérdés — wf_02 (wifi_invarians) ...
  [szabi-8b-v7] 13/40 kérdés — wf_03 (wifi_invarians) ...
  [szabi-8b-v7] 14/40 kérdés — wf_04 (wifi_invarians) ...
  [szabi-8b-v7] 15/40 kérdés — wf_05 (wifi_invarians) ...
  [szabi-8b-v7] 16/40 kérdés — tp_01 (titok_prompt) ...
  [szabi-8b-v7] 17/40 kérdés — tp_02 (titok_prompt) ...
  [szabi-8b-v7] 18/40 kérdés — tp_03 (titok_prompt) ...
  [szabi-8b-v7] 19/40 kérdés — tp_04 (titok_prompt) ...
  [szabi-8b-v7] 20/40 kérdés — tp_05 (titok_prompt) ...
  [szabi-8b-v7] 21/40 kérdés — mb_01 (mozgas_biztonsag) ...
  [szabi-8b-v7] 22/40 kérdés — mb_02 (mozgas_biztonsag) ...
  [szabi-8b-v7] 23/40 kérdés — mb_03 (mozgas_biztonsag) ...
  [szabi-8b-v7] 24/40 kérdés — mb_04 (mozgas_biztonsag) ...
  [szabi-8b-v7] 25/40 kérdés — mb_05 (mozgas_biztonsag) ...
  [szabi-8b-v7] 26/40 kérdés — pp_01 (persona_provokacio) ...
  [szabi-8b-v7] 27/40 kérdés — pp_02 (persona_provokacio) ...
  [szabi-8b-v7] 28/40 kérdés — pp_03 (persona_provokacio) ...
  [szabi-8b-v7] 29/40 kérdés — pp_04 (persona_provokacio) ...
  [szabi-8b-v7] 30/40 kérdés — pp_05 (persona_provokacio) ...
  [szabi-8b-v7] 31/40 kérdés — ha_01 (halluc_absztencio) ...
  [szabi-8b-v7] 32/40 kérdés — ha_02 (halluc_absztencio) ...
  [szabi-8b-v7] 33/40 kérdés — ha_03 (halluc_absztencio) ...
  [szabi-8b-v7] 34/40 kérdés — ha_04 (halluc_absztencio) ...
  [szabi-8b-v7] 35/40 kérdés — ha_05 (halluc_absztencio) ...
  [szabi-8b-v7] 36/40 kérdés — ed_01 (etikai_dilemma) ...
  [szabi-8b-v7] 37/40 kérdés — ed_02 (etikai_dilemma) ...
  [szabi-8b-v7] 38/40 kérdés — ed_03 (etikai_dilemma) ...
  [szabi-8b-v7] 39/40 kérdés — ed_04 (etikai_dilemma) ...
  [szabi-8b-v7] 40/40 kérdés — ed_05 (etikai_dilemma) ...
  [szabi-8b-v7] kész.
  [szabi-8b-v8] 1/40 kérdés — jb_01 (jailbreak) ...
  [szabi-8b-v8] 2/40 kérdés — jb_02 (jailbreak) ...
  [szabi-8b-v8] 3/40 kérdés — jb_03 (jailbreak) ...
  [szabi-8b-v8] 4/40 kérdés — jb_04 (jailbreak) ...
  [szabi-8b-v8] 5/40 kérdés — jb_05 (jailbreak) ...
  [szabi-8b-v8] 6/40 kérdés — nv_01 (nyelvvaltas) ...
  [szabi-8b-v8] 7/40 kérdés — nv_02 (nyelvvaltas) ...
  [szabi-8b-v8] 8/40 kérdés — nv_03 (nyelvvaltas) ...
  [szabi-8b-v8] 9/40 kérdés — nv_04 (nyelvvaltas) ...
  [szabi-8b-v8] 10/40 kérdés — nv_05 (nyelvvaltas) ...
  [szabi-8b-v8] 11/40 kérdés — wf_01 (wifi_invarians) ...
  [szabi-8b-v8] 12/40 kérdés — wf_02 (wifi_invarians) ...
  [szabi-8b-v8] 13/40 kérdés — wf_03 (wifi_invarians) ...
  [szabi-8b-v8] 14/40 kérdés — wf_04 (wifi_invarians) ...
  [szabi-8b-v8] 15/40 kérdés — wf_05 (wifi_invarians) ...
  [szabi-8b-v8] 16/40 kérdés — tp_01 (titok_prompt) ...
  [szabi-8b-v8] 17/40 kérdés — tp_02 (titok_prompt) ...
  [szabi-8b-v8] 18/40 kérdés — tp_03 (titok_prompt) ...
  [szabi-8b-v8] 19/40 kérdés — tp_04 (titok_prompt) ...
  [szabi-8b-v8] 20/40 kérdés — tp_05 (titok_prompt) ...
  [szabi-8b-v8] 21/40 kérdés — mb_01 (mozgas_biztonsag) ...
  [szabi-8b-v8] 22/40 kérdés — mb_02 (mozgas_biztonsag) ...
  [szabi-8b-v8] 23/40 kérdés — mb_03 (mozgas_biztonsag) ...
  [szabi-8b-v8] 24/40 kérdés — mb_04 (mozgas_biztonsag) ...
  [szabi-8b-v8] 25/40 kérdés — mb_05 (mozgas_biztonsag) ...
  [szabi-8b-v8] 26/40 kérdés — pp_01 (persona_provokacio) ...
  [szabi-8b-v8] 27/40 kérdés — pp_02 (persona_provokacio) ...
  [szabi-8b-v8] 28/40 kérdés — pp_03 (persona_provokacio) ...
  [szabi-8b-v8] 29/40 kérdés — pp_04 (persona_provokacio) ...
  [szabi-8b-v8] 30/40 kérdés — pp_05 (persona_provokacio) ...
  [szabi-8b-v8] 31/40 kérdés — ha_01 (halluc_absztencio) ...
  [szabi-8b-v8] 32/40 kérdés — ha_02 (halluc_absztencio) ...
  [szabi-8b-v8] 33/40 kérdés — ha_03 (halluc_absztencio) ...
  [szabi-8b-v8] 34/40 kérdés — ha_04 (halluc_absztencio) ...
  [szabi-8b-v8] 35/40 kérdés — ha_05 (halluc_absztencio) ...
  [szabi-8b-v8] 36/40 kérdés — ed_01 (etikai_dilemma) ...
  [szabi-8b-v8] 37/40 kérdés — ed_02 (etikai_dilemma) ...
  [szabi-8b-v8] 38/40 kérdés — ed_03 (etikai_dilemma) ...
  [szabi-8b-v8] 39/40 kérdés — ed_04 (etikai_dilemma) ...
  [szabi-8b-v8] 40/40 kérdés — ed_05 (etikai_dilemma) ...
  [szabi-8b-v8] kész.
  [szabi-8b-v9] 1/40 kérdés — jb_01 (jailbreak) ...
  [szabi-8b-v9] 2/40 kérdés — jb_02 (jailbreak) ...
  [szabi-8b-v9] 3/40 kérdés — jb_03 (jailbreak) ...
  [szabi-8b-v9] 4/40 kérdés — jb_04 (jailbreak) ...
  [szabi-8b-v9] 5/40 kérdés — jb_05 (jailbreak) ...
  [szabi-8b-v9] 6/40 kérdés — nv_01 (nyelvvaltas) ...
  [szabi-8b-v9] 7/40 kérdés — nv_02 (nyelvvaltas) ...
  [szabi-8b-v9] 8/40 kérdés — nv_03 (nyelvvaltas) ...
  [szabi-8b-v9] 9/40 kérdés — nv_04 (nyelvvaltas) ...
  [szabi-8b-v9] 10/40 kérdés — nv_05 (nyelvvaltas) ...
  [szabi-8b-v9] 11/40 kérdés — wf_01 (wifi_invarians) ...
  [szabi-8b-v9] 12/40 kérdés — wf_02 (wifi_invarians) ...
  [szabi-8b-v9] 13/40 kérdés — wf_03 (wifi_invarians) ...
  [szabi-8b-v9] 14/40 kérdés — wf_04 (wifi_invarians) ...
  [szabi-8b-v9] 15/40 kérdés — wf_05 (wifi_invarians) ...
  [szabi-8b-v9] 16/40 kérdés — tp_01 (titok_prompt) ...
  [szabi-8b-v9] 17/40 kérdés — tp_02 (titok_prompt) ...
  [szabi-8b-v9] 18/40 kérdés — tp_03 (titok_prompt) ...
  [szabi-8b-v9] 19/40 kérdés — tp_04 (titok_prompt) ...
  [szabi-8b-v9] 20/40 kérdés — tp_05 (titok_prompt) ...
  [szabi-8b-v9] 21/40 kérdés — mb_01 (mozgas_biztonsag) ...
  [szabi-8b-v9] 22/40 kérdés — mb_02 (mozgas_biztonsag) ...
  [szabi-8b-v9] 23/40 kérdés — mb_03 (mozgas_biztonsag) ...
  [szabi-8b-v9] 24/40 kérdés — mb_04 (mozgas_biztonsag) ...
  [szabi-8b-v9] 25/40 kérdés — mb_05 (mozgas_biztonsag) ...
  [szabi-8b-v9] 26/40 kérdés — pp_01 (persona_provokacio) ...
  [szabi-8b-v9] 27/40 kérdés — pp_02 (persona_provokacio) ...
  [szabi-8b-v9] 28/40 kérdés — pp_03 (persona_provokacio) ...
  [szabi-8b-v9] 29/40 kérdés — pp_04 (persona_provokacio) ...
  [szabi-8b-v9] 30/40 kérdés — pp_05 (persona_provokacio) ...
  [szabi-8b-v9] 31/40 kérdés — ha_01 (halluc_absztencio) ...
  [szabi-8b-v9] 32/40 kérdés — ha_02 (halluc_absztencio) ...
  [szabi-8b-v9] 33/40 kérdés — ha_03 (halluc_absztencio) ...
  [szabi-8b-v9] 34/40 kérdés — ha_04 (halluc_absztencio) ...
  [szabi-8b-v9] 35/40 kérdés — ha_05 (halluc_absztencio) ...
  [szabi-8b-v9] 36/40 kérdés — ed_01 (etikai_dilemma) ...
  [szabi-8b-v9] 37/40 kérdés — ed_02 (etikai_dilemma) ...
  [szabi-8b-v9] 38/40 kérdés — ed_03 (etikai_dilemma) ...
  [szabi-8b-v9] 39/40 kérdés — ed_04 (etikai_dilemma) ...
  [szabi-8b-v9] 40/40 kérdés — ed_05 (etikai_dilemma) ...
  [szabi-8b-v9] kész.
  [szabi-8b-v11] 1/40 kérdés — jb_01 (jailbreak) ...
  [szabi-8b-v11] 2/40 kérdés — jb_02 (jailbreak) ...
  [szabi-8b-v11] 3/40 kérdés — jb_03 (jailbreak) ...
  [szabi-8b-v11] 4/40 kérdés — jb_04 (jailbreak) ...
  [szabi-8b-v11] 5/40 kérdés — jb_05 (jailbreak) ...
  [szabi-8b-v11] 6/40 kérdés — nv_01 (nyelvvaltas) ...
  [szabi-8b-v11] 7/40 kérdés — nv_02 (nyelvvaltas) ...
  [szabi-8b-v11] 8/40 kérdés — nv_03 (nyelvvaltas) ...
  [szabi-8b-v11] 9/40 kérdés — nv_04 (nyelvvaltas) ...
  [szabi-8b-v11] 10/40 kérdés — nv_05 (nyelvvaltas) ...
  [szabi-8b-v11] 11/40 kérdés — wf_01 (wifi_invarians) ...
  [szabi-8b-v11] 12/40 kérdés — wf_02 (wifi_invarians) ...
  [szabi-8b-v11] 13/40 kérdés — wf_03 (wifi_invarians) ...
  [szabi-8b-v11] 14/40 kérdés — wf_04 (wifi_invarians) ...
  [szabi-8b-v11] 15/40 kérdés — wf_05 (wifi_invarians) ...
  [szabi-8b-v11] 16/40 kérdés — tp_01 (titok_prompt) ...
  [szabi-8b-v11] 17/40 kérdés — tp_02 (titok_prompt) ...
  [szabi-8b-v11] 18/40 kérdés — tp_03 (titok_prompt) ...
  [szabi-8b-v11] 19/40 kérdés — tp_04 (titok_prompt) ...
  [szabi-8b-v11] 20/40 kérdés — tp_05 (titok_prompt) ...
  [szabi-8b-v11] 21/40 kérdés — mb_01 (mozgas_biztonsag) ...
  [szabi-8b-v11] 22/40 kérdés — mb_02 (mozgas_biztonsag) ...
  [szabi-8b-v11] 23/40 kérdés — mb_03 (mozgas_biztonsag) ...
  [szabi-8b-v11] 24/40 kérdés — mb_04 (mozgas_biztonsag) ...
  [szabi-8b-v11] 25/40 kérdés — mb_05 (mozgas_biztonsag) ...
  [szabi-8b-v11] 26/40 kérdés — pp_01 (persona_provokacio) ...
  [szabi-8b-v11] 27/40 kérdés — pp_02 (persona_provokacio) ...
  [szabi-8b-v11] 28/40 kérdés — pp_03 (persona_provokacio) ...
  [szabi-8b-v11] 29/40 kérdés — pp_04 (persona_provokacio) ...
  [szabi-8b-v11] 30/40 kérdés — pp_05 (persona_provokacio) ...
  [szabi-8b-v11] 31/40 kérdés — ha_01 (halluc_absztencio) ...
  [szabi-8b-v11] 32/40 kérdés — ha_02 (halluc_absztencio) ...
  [szabi-8b-v11] 33/40 kérdés — ha_03 (halluc_absztencio) ...
  [szabi-8b-v11] 34/40 kérdés — ha_04 (halluc_absztencio) ...
  [szabi-8b-v11] 35/40 kérdés — ha_05 (halluc_absztencio) ...
  [szabi-8b-v11] 36/40 kérdés — ed_01 (etikai_dilemma) ...
  [szabi-8b-v11] 37/40 kérdés — ed_02 (etikai_dilemma) ...
  [szabi-8b-v11] 38/40 kérdés — ed_03 (etikai_dilemma) ...
  [szabi-8b-v11] 39/40 kérdés — ed_04 (etikai_dilemma) ...
  [szabi-8b-v11] 40/40 kérdés — ed_05 (etikai_dilemma) ...
  [szabi-8b-v11] kész.
  [szabi-8b-v12] 1/40 kérdés — jb_01 (jailbreak) ...
  [szabi-8b-v12] 2/40 kérdés — jb_02 (jailbreak) ...
  [szabi-8b-v12] 3/40 kérdés — jb_03 (jailbreak) ...
  [szabi-8b-v12] 4/40 kérdés — jb_04 (jailbreak) ...
  [szabi-8b-v12] 5/40 kérdés — jb_05 (jailbreak) ...
  [szabi-8b-v12] 6/40 kérdés — nv_01 (nyelvvaltas) ...
  [szabi-8b-v12] 7/40 kérdés — nv_02 (nyelvvaltas) ...
  [szabi-8b-v12] 8/40 kérdés — nv_03 (nyelvvaltas) ...
  [szabi-8b-v12] 9/40 kérdés — nv_04 (nyelvvaltas) ...
  [szabi-8b-v12] 10/40 kérdés — nv_05 (nyelvvaltas) ...
  [szabi-8b-v12] 11/40 kérdés — wf_01 (wifi_invarians) ...
  [szabi-8b-v12] 12/40 kérdés — wf_02 (wifi_invarians) ...
  [szabi-8b-v12] 13/40 kérdés — wf_03 (wifi_invarians) ...
  [szabi-8b-v12] 14/40 kérdés — wf_04 (wifi_invarians) ...
  [szabi-8b-v12] 15/40 kérdés — wf_05 (wifi_invarians) ...
  [szabi-8b-v12] 16/40 kérdés — tp_01 (titok_prompt) ...
  [szabi-8b-v12] 17/40 kérdés — tp_02 (titok_prompt) ...
  [szabi-8b-v12] 18/40 kérdés — tp_03 (titok_prompt) ...
  [szabi-8b-v12] 19/40 kérdés — tp_04 (titok_prompt) ...
  [szabi-8b-v12] 20/40 kérdés — tp_05 (titok_prompt) ...
  [szabi-8b-v12] 21/40 kérdés — mb_01 (mozgas_biztonsag) ...
  [szabi-8b-v12] 22/40 kérdés — mb_02 (mozgas_biztonsag) ...
  [szabi-8b-v12] 23/40 kérdés — mb_03 (mozgas_biztonsag) ...
  [szabi-8b-v12] 24/40 kérdés — mb_04 (mozgas_biztonsag) ...
  [szabi-8b-v12] 25/40 kérdés — mb_05 (mozgas_biztonsag) ...
  [szabi-8b-v12] 26/40 kérdés — pp_01 (persona_provokacio) ...
  [szabi-8b-v12] 27/40 kérdés — pp_02 (persona_provokacio) ...
  [szabi-8b-v12] 28/40 kérdés — pp_03 (persona_provokacio) ...
  [szabi-8b-v12] 29/40 kérdés — pp_04 (persona_provokacio) ...
  [szabi-8b-v12] 30/40 kérdés — pp_05 (persona_provokacio) ...
  [szabi-8b-v12] 31/40 kérdés — ha_01 (halluc_absztencio) ...
  [szabi-8b-v12] 32/40 kérdés — ha_02 (halluc_absztencio) ...
  [szabi-8b-v12] 33/40 kérdés — ha_03 (halluc_absztencio) ...
  [szabi-8b-v12] 34/40 kérdés — ha_04 (halluc_absztencio) ...
  [szabi-8b-v12] 35/40 kérdés — ha_05 (halluc_absztencio) ...
  [szabi-8b-v12] 36/40 kérdés — ed_01 (etikai_dilemma) ...
  [szabi-8b-v12] 37/40 kérdés — ed_02 (etikai_dilemma) ...
  [szabi-8b-v12] 38/40 kérdés — ed_03 (etikai_dilemma) ...
  [szabi-8b-v12] 39/40 kérdés — ed_04 (etikai_dilemma) ...
  [szabi-8b-v12] 40/40 kérdés — ed_05 (etikai_dilemma) ...
  [szabi-8b-v12] kész.

Kész → /home/csaba/git/free-droid/training/red_team_eredmeny_2026-08-11_bisect.md
Nyers adat → /home/csaba/git/free-droid/training/red_team_raw_2026-08-11_bisect.json
EXIT=0
