===== seed 42
Benchmark: 40 kérdés × 2 oszlop (szabi-8b-v12 t0.7, szabi-8b-v12 t0.3)

  [szabi-8b-v12 t0.7] 1/40 kérdés — jb_01 (jailbreak) ...
  [szabi-8b-v12 t0.7] 2/40 kérdés — jb_02 (jailbreak) ...
  [szabi-8b-v12 t0.7] 3/40 kérdés — jb_03 (jailbreak) ...
  [szabi-8b-v12 t0.7] 4/40 kérdés — jb_04 (jailbreak) ...
  [szabi-8b-v12 t0.7] 5/40 kérdés — jb_05 (jailbreak) ...
  [szabi-8b-v12 t0.7] 6/40 kérdés — nv_01 (nyelvvaltas) ...
  [szabi-8b-v12 t0.7] 7/40 kérdés — nv_02 (nyelvvaltas) ...
  [szabi-8b-v12 t0.7] 8/40 kérdés — nv_03 (nyelvvaltas) ...
  [szabi-8b-v12 t0.7] 9/40 kérdés — nv_04 (nyelvvaltas) ...
  [szabi-8b-v12 t0.7] 10/40 kérdés — nv_05 (nyelvvaltas) ...
  [szabi-8b-v12 t0.7] 11/40 kérdés — wf_01 (wifi_invarians) ...
  [szabi-8b-v12 t0.7] 12/40 kérdés — wf_02 (wifi_invarians) ...
  [szabi-8b-v12 t0.7] 13/40 kérdés — wf_03 (wifi_invarians) ...
  [szabi-8b-v12 t0.7] 14/40 kérdés — wf_04 (wifi_invarians) ...
  [szabi-8b-v12 t0.7] 15/40 kérdés — wf_05 (wifi_invarians) ...
  [szabi-8b-v12 t0.7] 16/40 kérdés — tp_01 (titok_prompt) ...
  [szabi-8b-v12 t0.7] 17/40 kérdés — tp_02 (titok_prompt) ...
  [szabi-8b-v12 t0.7] 18/40 kérdés — tp_03 (titok_prompt) ...
  [szabi-8b-v12 t0.7] 19/40 kérdés — tp_04 (titok_prompt) ...
  [szabi-8b-v12 t0.7] 20/40 kérdés — tp_05 (titok_prompt) ...
  [szabi-8b-v12 t0.7] 21/40 kérdés — mb_01 (mozgas_biztonsag) ...
  [szabi-8b-v12 t0.7] 22/40 kérdés — mb_02 (mozgas_biztonsag) ...
  [szabi-8b-v12 t0.7] 23/40 kérdés — mb_03 (mozgas_biztonsag) ...
  [szabi-8b-v12 t0.7] 24/40 kérdés — mb_04 (mozgas_biztonsag) ...
  [szabi-8b-v12 t0.7] 25/40 kérdés — mb_05 (mozgas_biztonsag) ...
  [szabi-8b-v12 t0.7] 26/40 kérdés — pp_01 (persona_provokacio) ...
  [szabi-8b-v12 t0.7] 27/40 kérdés — pp_02 (persona_provokacio) ...
  [szabi-8b-v12 t0.7] 28/40 kérdés — pp_03 (persona_provokacio) ...
  [szabi-8b-v12 t0.7] 29/40 kérdés — pp_04 (persona_provokacio) ...
  [szabi-8b-v12 t0.7] 30/40 kérdés — pp_05 (persona_provokacio) ...
  [szabi-8b-v12 t0.7] 31/40 kérdés — ha_01 (halluc_absztencio) ...
  [szabi-8b-v12 t0.7] 32/40 kérdés — ha_02 (halluc_absztencio) ...
  [szabi-8b-v12 t0.7] 33/40 kérdés — ha_03 (halluc_absztencio) ...
  [szabi-8b-v12 t0.7] 34/40 kérdés — ha_04 (halluc_absztencio) ...
  [szabi-8b-v12 t0.7] 35/40 kérdés — ha_05 (halluc_absztencio) ...
  [szabi-8b-v12 t0.7] 36/40 kérdés — ed_01 (etikai_dilemma) ...
  [szabi-8b-v12 t0.7] 37/40 kérdés — ed_02 (etikai_dilemma) ...
  [szabi-8b-v12 t0.7] 38/40 kérdés — ed_03 (etikai_dilemma) ...
  [szabi-8b-v12 t0.7] 39/40 kérdés — ed_04 (etikai_dilemma) ...
  [szabi-8b-v12 t0.7] 40/40 kérdés — ed_05 (etikai_dilemma) ...
  [szabi-8b-v12 t0.7] kész.
  [szabi-8b-v12 t0.3] 1/40 kérdés — jb_01 (jailbreak) ...
  [szabi-8b-v12 t0.3] 2/40 kérdés — jb_02 (jailbreak) ...
  [szabi-8b-v12 t0.3] 3/40 kérdés — jb_03 (jailbreak) ...
  [szabi-8b-v12 t0.3] 4/40 kérdés — jb_04 (jailbreak) ...
  [szabi-8b-v12 t0.3] 5/40 kérdés — jb_05 (jailbreak) ...
  [szabi-8b-v12 t0.3] 6/40 kérdés — nv_01 (nyelvvaltas) ...
  [szabi-8b-v12 t0.3] 7/40 kérdés — nv_02 (nyelvvaltas) ...
  [szabi-8b-v12 t0.3] 8/40 kérdés — nv_03 (nyelvvaltas) ...
  [szabi-8b-v12 t0.3] 9/40 kérdés — nv_04 (nyelvvaltas) ...
  [szabi-8b-v12 t0.3] 10/40 kérdés — nv_05 (nyelvvaltas) ...
  [szabi-8b-v12 t0.3] 11/40 kérdés — wf_01 (wifi_invarians) ...
  [szabi-8b-v12 t0.3] 12/40 kérdés — wf_02 (wifi_invarians) ...
  [szabi-8b-v12 t0.3] 13/40 kérdés — wf_03 (wifi_invarians) ...
  [szabi-8b-v12 t0.3] 14/40 kérdés — wf_04 (wifi_invarians) ...
  [szabi-8b-v12 t0.3] 15/40 kérdés — wf_05 (wifi_invarians) ...
  [szabi-8b-v12 t0.3] 16/40 kérdés — tp_01 (titok_prompt) ...
  [szabi-8b-v12 t0.3] 17/40 kérdés — tp_02 (titok_prompt) ...
  [szabi-8b-v12 t0.3] 18/40 kérdés — tp_03 (titok_prompt) ...
  [szabi-8b-v12 t0.3] 19/40 kérdés — tp_04 (titok_prompt) ...
  [szabi-8b-v12 t0.3] 20/40 kérdés — tp_05 (titok_prompt) ...
  [szabi-8b-v12 t0.3] 21/40 kérdés — mb_01 (mozgas_biztonsag) ...
  [szabi-8b-v12 t0.3] 22/40 kérdés — mb_02 (mozgas_biztonsag) ...
  [szabi-8b-v12 t0.3] 23/40 kérdés — mb_03 (mozgas_biztonsag) ...
  [szabi-8b-v12 t0.3] 24/40 kérdés — mb_04 (mozgas_biztonsag) ...
  [szabi-8b-v12 t0.3] 25/40 kérdés — mb_05 (mozgas_biztonsag) ...
  [szabi-8b-v12 t0.3] 26/40 kérdés — pp_01 (persona_provokacio) ...
  [szabi-8b-v12 t0.3] 27/40 kérdés — pp_02 (persona_provokacio) ...
  [szabi-8b-v12 t0.3] 28/40 kérdés — pp_03 (persona_provokacio) ...
  [szabi-8b-v12 t0.3] 29/40 kérdés — pp_04 (persona_provokacio) ...
  [szabi-8b-v12 t0.3] 30/40 kérdés — pp_05 (persona_provokacio) ...
  [szabi-8b-v12 t0.3] 31/40 kérdés — ha_01 (halluc_absztencio) ...
  [szabi-8b-v12 t0.3] 32/40 kérdés — ha_02 (halluc_absztencio) ...
  [szabi-8b-v12 t0.3] 33/40 kérdés — ha_03 (halluc_absztencio) ...
  [szabi-8b-v12 t0.3] 34/40 kérdés — ha_04 (halluc_absztencio) ...
  [szabi-8b-v12 t0.3] 35/40 kérdés — ha_05 (halluc_absztencio) ...
  [szabi-8b-v12 t0.3] 36/40 kérdés — ed_01 (etikai_dilemma) ...
  [szabi-8b-v12 t0.3] 37/40 kérdés — ed_02 (etikai_dilemma) ...
  [szabi-8b-v12 t0.3] 38/40 kérdés — ed_03 (etikai_dilemma) ...
  [szabi-8b-v12 t0.3] 39/40 kérdés — ed_04 (etikai_dilemma) ...
  [szabi-8b-v12 t0.3] 40/40 kérdés — ed_05 (etikai_dilemma) ...
  [szabi-8b-v12 t0.3] kész.

Kész → /home/csaba/git/free-droid/training/red_team_eredmeny_2026-08-11_rep_s42.md
Nyers adat → /home/csaba/git/free-droid/training/red_team_raw_2026-08-11_rep_s42.json
EXIT_42=0
===== seed 43
Benchmark: 40 kérdés × 2 oszlop (szabi-8b-v12 t0.7, szabi-8b-v12 t0.3)

  [szabi-8b-v12 t0.7] 1/40 kérdés — jb_01 (jailbreak) ...
  [szabi-8b-v12 t0.7] 2/40 kérdés — jb_02 (jailbreak) ...
  [szabi-8b-v12 t0.7] 3/40 kérdés — jb_03 (jailbreak) ...
  [szabi-8b-v12 t0.7] 4/40 kérdés — jb_04 (jailbreak) ...
  [szabi-8b-v12 t0.7] 5/40 kérdés — jb_05 (jailbreak) ...
  [szabi-8b-v12 t0.7] 6/40 kérdés — nv_01 (nyelvvaltas) ...
  [szabi-8b-v12 t0.7] 7/40 kérdés — nv_02 (nyelvvaltas) ...
  [szabi-8b-v12 t0.7] 8/40 kérdés — nv_03 (nyelvvaltas) ...
  [szabi-8b-v12 t0.7] 9/40 kérdés — nv_04 (nyelvvaltas) ...
  [szabi-8b-v12 t0.7] 10/40 kérdés — nv_05 (nyelvvaltas) ...
  [szabi-8b-v12 t0.7] 11/40 kérdés — wf_01 (wifi_invarians) ...
  [szabi-8b-v12 t0.7] 12/40 kérdés — wf_02 (wifi_invarians) ...
  [szabi-8b-v12 t0.7] 13/40 kérdés — wf_03 (wifi_invarians) ...
  [szabi-8b-v12 t0.7] 14/40 kérdés — wf_04 (wifi_invarians) ...
  [szabi-8b-v12 t0.7] 15/40 kérdés — wf_05 (wifi_invarians) ...
  [szabi-8b-v12 t0.7] 16/40 kérdés — tp_01 (titok_prompt) ...
  [szabi-8b-v12 t0.7] 17/40 kérdés — tp_02 (titok_prompt) ...
  [szabi-8b-v12 t0.7] 18/40 kérdés — tp_03 (titok_prompt) ...
  [szabi-8b-v12 t0.7] 19/40 kérdés — tp_04 (titok_prompt) ...
  [szabi-8b-v12 t0.7] 20/40 kérdés — tp_05 (titok_prompt) ...
  [szabi-8b-v12 t0.7] 21/40 kérdés — mb_01 (mozgas_biztonsag) ...
  [szabi-8b-v12 t0.7] 22/40 kérdés — mb_02 (mozgas_biztonsag) ...
  [szabi-8b-v12 t0.7] 23/40 kérdés — mb_03 (mozgas_biztonsag) ...
  [szabi-8b-v12 t0.7] 24/40 kérdés — mb_04 (mozgas_biztonsag) ...
  [szabi-8b-v12 t0.7] 25/40 kérdés — mb_05 (mozgas_biztonsag) ...
  [szabi-8b-v12 t0.7] 26/40 kérdés — pp_01 (persona_provokacio) ...
  [szabi-8b-v12 t0.7] 27/40 kérdés — pp_02 (persona_provokacio) ...
  [szabi-8b-v12 t0.7] 28/40 kérdés — pp_03 (persona_provokacio) ...
  [szabi-8b-v12 t0.7] 29/40 kérdés — pp_04 (persona_provokacio) ...
  [szabi-8b-v12 t0.7] 30/40 kérdés — pp_05 (persona_provokacio) ...
  [szabi-8b-v12 t0.7] 31/40 kérdés — ha_01 (halluc_absztencio) ...
  [szabi-8b-v12 t0.7] 32/40 kérdés — ha_02 (halluc_absztencio) ...
  [szabi-8b-v12 t0.7] 33/40 kérdés — ha_03 (halluc_absztencio) ...
  [szabi-8b-v12 t0.7] 34/40 kérdés — ha_04 (halluc_absztencio) ...
  [szabi-8b-v12 t0.7] 35/40 kérdés — ha_05 (halluc_absztencio) ...
  [szabi-8b-v12 t0.7] 36/40 kérdés — ed_01 (etikai_dilemma) ...
  [szabi-8b-v12 t0.7] 37/40 kérdés — ed_02 (etikai_dilemma) ...
  [szabi-8b-v12 t0.7] 38/40 kérdés — ed_03 (etikai_dilemma) ...
  [szabi-8b-v12 t0.7] 39/40 kérdés — ed_04 (etikai_dilemma) ...
  [szabi-8b-v12 t0.7] 40/40 kérdés — ed_05 (etikai_dilemma) ...
  [szabi-8b-v12 t0.7] kész.
  [szabi-8b-v12 t0.3] 1/40 kérdés — jb_01 (jailbreak) ...
  [szabi-8b-v12 t0.3] 2/40 kérdés — jb_02 (jailbreak) ...
  [szabi-8b-v12 t0.3] 3/40 kérdés — jb_03 (jailbreak) ...
  [szabi-8b-v12 t0.3] 4/40 kérdés — jb_04 (jailbreak) ...
  [szabi-8b-v12 t0.3] 5/40 kérdés — jb_05 (jailbreak) ...
  [szabi-8b-v12 t0.3] 6/40 kérdés — nv_01 (nyelvvaltas) ...
  [szabi-8b-v12 t0.3] 7/40 kérdés — nv_02 (nyelvvaltas) ...
  [szabi-8b-v12 t0.3] 8/40 kérdés — nv_03 (nyelvvaltas) ...
  [szabi-8b-v12 t0.3] 9/40 kérdés — nv_04 (nyelvvaltas) ...
  [szabi-8b-v12 t0.3] 10/40 kérdés — nv_05 (nyelvvaltas) ...
  [szabi-8b-v12 t0.3] 11/40 kérdés — wf_01 (wifi_invarians) ...
  [szabi-8b-v12 t0.3] 12/40 kérdés — wf_02 (wifi_invarians) ...
  [szabi-8b-v12 t0.3] 13/40 kérdés — wf_03 (wifi_invarians) ...
  [szabi-8b-v12 t0.3] 14/40 kérdés — wf_04 (wifi_invarians) ...
  [szabi-8b-v12 t0.3] 15/40 kérdés — wf_05 (wifi_invarians) ...
  [szabi-8b-v12 t0.3] 16/40 kérdés — tp_01 (titok_prompt) ...
  [szabi-8b-v12 t0.3] 17/40 kérdés — tp_02 (titok_prompt) ...
  [szabi-8b-v12 t0.3] 18/40 kérdés — tp_03 (titok_prompt) ...
  [szabi-8b-v12 t0.3] 19/40 kérdés — tp_04 (titok_prompt) ...
  [szabi-8b-v12 t0.3] 20/40 kérdés — tp_05 (titok_prompt) ...
  [szabi-8b-v12 t0.3] 21/40 kérdés — mb_01 (mozgas_biztonsag) ...
  [szabi-8b-v12 t0.3] 22/40 kérdés — mb_02 (mozgas_biztonsag) ...
  [szabi-8b-v12 t0.3] 23/40 kérdés — mb_03 (mozgas_biztonsag) ...
  [szabi-8b-v12 t0.3] 24/40 kérdés — mb_04 (mozgas_biztonsag) ...
  [szabi-8b-v12 t0.3] 25/40 kérdés — mb_05 (mozgas_biztonsag) ...
  [szabi-8b-v12 t0.3] 26/40 kérdés — pp_01 (persona_provokacio) ...
  [szabi-8b-v12 t0.3] 27/40 kérdés — pp_02 (persona_provokacio) ...
  [szabi-8b-v12 t0.3] 28/40 kérdés — pp_03 (persona_provokacio) ...
  [szabi-8b-v12 t0.3] 29/40 kérdés — pp_04 (persona_provokacio) ...
  [szabi-8b-v12 t0.3] 30/40 kérdés — pp_05 (persona_provokacio) ...
  [szabi-8b-v12 t0.3] 31/40 kérdés — ha_01 (halluc_absztencio) ...
  [szabi-8b-v12 t0.3] 32/40 kérdés — ha_02 (halluc_absztencio) ...
  [szabi-8b-v12 t0.3] 33/40 kérdés — ha_03 (halluc_absztencio) ...
  [szabi-8b-v12 t0.3] 34/40 kérdés — ha_04 (halluc_absztencio) ...
  [szabi-8b-v12 t0.3] 35/40 kérdés — ha_05 (halluc_absztencio) ...
  [szabi-8b-v12 t0.3] 36/40 kérdés — ed_01 (etikai_dilemma) ...
  [szabi-8b-v12 t0.3] 37/40 kérdés — ed_02 (etikai_dilemma) ...
  [szabi-8b-v12 t0.3] 38/40 kérdés — ed_03 (etikai_dilemma) ...
  [szabi-8b-v12 t0.3] 39/40 kérdés — ed_04 (etikai_dilemma) ...
  [szabi-8b-v12 t0.3] 40/40 kérdés — ed_05 (etikai_dilemma) ...
  [szabi-8b-v12 t0.3] kész.

Kész → /home/csaba/git/free-droid/training/red_team_eredmeny_2026-08-11_rep_s43.md
Nyers adat → /home/csaba/git/free-droid/training/red_team_raw_2026-08-11_rep_s43.json
EXIT_43=0
===== seed 44
Benchmark: 40 kérdés × 2 oszlop (szabi-8b-v12 t0.7, szabi-8b-v12 t0.3)

  [szabi-8b-v12 t0.7] 1/40 kérdés — jb_01 (jailbreak) ...
  [szabi-8b-v12 t0.7] 2/40 kérdés — jb_02 (jailbreak) ...
  [szabi-8b-v12 t0.7] 3/40 kérdés — jb_03 (jailbreak) ...
  [szabi-8b-v12 t0.7] 4/40 kérdés — jb_04 (jailbreak) ...
  [szabi-8b-v12 t0.7] 5/40 kérdés — jb_05 (jailbreak) ...
  [szabi-8b-v12 t0.7] 6/40 kérdés — nv_01 (nyelvvaltas) ...
  [szabi-8b-v12 t0.7] 7/40 kérdés — nv_02 (nyelvvaltas) ...
  [szabi-8b-v12 t0.7] 8/40 kérdés — nv_03 (nyelvvaltas) ...
  [szabi-8b-v12 t0.7] 9/40 kérdés — nv_04 (nyelvvaltas) ...
  [szabi-8b-v12 t0.7] 10/40 kérdés — nv_05 (nyelvvaltas) ...
  [szabi-8b-v12 t0.7] 11/40 kérdés — wf_01 (wifi_invarians) ...
  [szabi-8b-v12 t0.7] 12/40 kérdés — wf_02 (wifi_invarians) ...
  [szabi-8b-v12 t0.7] 13/40 kérdés — wf_03 (wifi_invarians) ...
  [szabi-8b-v12 t0.7] 14/40 kérdés — wf_04 (wifi_invarians) ...
  [szabi-8b-v12 t0.7] 15/40 kérdés — wf_05 (wifi_invarians) ...
  [szabi-8b-v12 t0.7] 16/40 kérdés — tp_01 (titok_prompt) ...
  [szabi-8b-v12 t0.7] 17/40 kérdés — tp_02 (titok_prompt) ...
  [szabi-8b-v12 t0.7] 18/40 kérdés — tp_03 (titok_prompt) ...
  [szabi-8b-v12 t0.7] 19/40 kérdés — tp_04 (titok_prompt) ...
  [szabi-8b-v12 t0.7] 20/40 kérdés — tp_05 (titok_prompt) ...
  [szabi-8b-v12 t0.7] 21/40 kérdés — mb_01 (mozgas_biztonsag) ...
  [szabi-8b-v12 t0.7] 22/40 kérdés — mb_02 (mozgas_biztonsag) ...
  [szabi-8b-v12 t0.7] 23/40 kérdés — mb_03 (mozgas_biztonsag) ...
  [szabi-8b-v12 t0.7] 24/40 kérdés — mb_04 (mozgas_biztonsag) ...
  [szabi-8b-v12 t0.7] 25/40 kérdés — mb_05 (mozgas_biztonsag) ...
  [szabi-8b-v12 t0.7] 26/40 kérdés — pp_01 (persona_provokacio) ...
  [szabi-8b-v12 t0.7] 27/40 kérdés — pp_02 (persona_provokacio) ...
  [szabi-8b-v12 t0.7] 28/40 kérdés — pp_03 (persona_provokacio) ...
  [szabi-8b-v12 t0.7] 29/40 kérdés — pp_04 (persona_provokacio) ...
  [szabi-8b-v12 t0.7] 30/40 kérdés — pp_05 (persona_provokacio) ...
  [szabi-8b-v12 t0.7] 31/40 kérdés — ha_01 (halluc_absztencio) ...
  [szabi-8b-v12 t0.7] 32/40 kérdés — ha_02 (halluc_absztencio) ...
  [szabi-8b-v12 t0.7] 33/40 kérdés — ha_03 (halluc_absztencio) ...
  [szabi-8b-v12 t0.7] 34/40 kérdés — ha_04 (halluc_absztencio) ...
  [szabi-8b-v12 t0.7] 35/40 kérdés — ha_05 (halluc_absztencio) ...
  [szabi-8b-v12 t0.7] 36/40 kérdés — ed_01 (etikai_dilemma) ...
  [szabi-8b-v12 t0.7] 37/40 kérdés — ed_02 (etikai_dilemma) ...
  [szabi-8b-v12 t0.7] 38/40 kérdés — ed_03 (etikai_dilemma) ...
  [szabi-8b-v12 t0.7] 39/40 kérdés — ed_04 (etikai_dilemma) ...
  [szabi-8b-v12 t0.7] 40/40 kérdés — ed_05 (etikai_dilemma) ...
  [szabi-8b-v12 t0.7] kész.
  [szabi-8b-v12 t0.3] 1/40 kérdés — jb_01 (jailbreak) ...
  [szabi-8b-v12 t0.3] 2/40 kérdés — jb_02 (jailbreak) ...
  [szabi-8b-v12 t0.3] 3/40 kérdés — jb_03 (jailbreak) ...
  [szabi-8b-v12 t0.3] 4/40 kérdés — jb_04 (jailbreak) ...
  [szabi-8b-v12 t0.3] 5/40 kérdés — jb_05 (jailbreak) ...
  [szabi-8b-v12 t0.3] 6/40 kérdés — nv_01 (nyelvvaltas) ...
  [szabi-8b-v12 t0.3] 7/40 kérdés — nv_02 (nyelvvaltas) ...
  [szabi-8b-v12 t0.3] 8/40 kérdés — nv_03 (nyelvvaltas) ...
  [szabi-8b-v12 t0.3] 9/40 kérdés — nv_04 (nyelvvaltas) ...
  [szabi-8b-v12 t0.3] 10/40 kérdés — nv_05 (nyelvvaltas) ...
  [szabi-8b-v12 t0.3] 11/40 kérdés — wf_01 (wifi_invarians) ...
  [szabi-8b-v12 t0.3] 12/40 kérdés — wf_02 (wifi_invarians) ...
  [szabi-8b-v12 t0.3] 13/40 kérdés — wf_03 (wifi_invarians) ...
  [szabi-8b-v12 t0.3] 14/40 kérdés — wf_04 (wifi_invarians) ...
  [szabi-8b-v12 t0.3] 15/40 kérdés — wf_05 (wifi_invarians) ...
  [szabi-8b-v12 t0.3] 16/40 kérdés — tp_01 (titok_prompt) ...
  [szabi-8b-v12 t0.3] 17/40 kérdés — tp_02 (titok_prompt) ...
  [szabi-8b-v12 t0.3] 18/40 kérdés — tp_03 (titok_prompt) ...
  [szabi-8b-v12 t0.3] 19/40 kérdés — tp_04 (titok_prompt) ...
  [szabi-8b-v12 t0.3] 20/40 kérdés — tp_05 (titok_prompt) ...
  [szabi-8b-v12 t0.3] 21/40 kérdés — mb_01 (mozgas_biztonsag) ...
  [szabi-8b-v12 t0.3] 22/40 kérdés — mb_02 (mozgas_biztonsag) ...
  [szabi-8b-v12 t0.3] 23/40 kérdés — mb_03 (mozgas_biztonsag) ...
  [szabi-8b-v12 t0.3] 24/40 kérdés — mb_04 (mozgas_biztonsag) ...
  [szabi-8b-v12 t0.3] 25/40 kérdés — mb_05 (mozgas_biztonsag) ...
  [szabi-8b-v12 t0.3] 26/40 kérdés — pp_01 (persona_provokacio) ...
  [szabi-8b-v12 t0.3] 27/40 kérdés — pp_02 (persona_provokacio) ...
  [szabi-8b-v12 t0.3] 28/40 kérdés — pp_03 (persona_provokacio) ...
  [szabi-8b-v12 t0.3] 29/40 kérdés — pp_04 (persona_provokacio) ...
  [szabi-8b-v12 t0.3] 30/40 kérdés — pp_05 (persona_provokacio) ...
  [szabi-8b-v12 t0.3] 31/40 kérdés — ha_01 (halluc_absztencio) ...
  [szabi-8b-v12 t0.3] 32/40 kérdés — ha_02 (halluc_absztencio) ...
  [szabi-8b-v12 t0.3] 33/40 kérdés — ha_03 (halluc_absztencio) ...
  [szabi-8b-v12 t0.3] 34/40 kérdés — ha_04 (halluc_absztencio) ...
  [szabi-8b-v12 t0.3] 35/40 kérdés — ha_05 (halluc_absztencio) ...
  [szabi-8b-v12 t0.3] 36/40 kérdés — ed_01 (etikai_dilemma) ...
  [szabi-8b-v12 t0.3] 37/40 kérdés — ed_02 (etikai_dilemma) ...
  [szabi-8b-v12 t0.3] 38/40 kérdés — ed_03 (etikai_dilemma) ...
  [szabi-8b-v12 t0.3] 39/40 kérdés — ed_04 (etikai_dilemma) ...
  [szabi-8b-v12 t0.3] 40/40 kérdés — ed_05 (etikai_dilemma) ...
  [szabi-8b-v12 t0.3] kész.

Kész → /home/csaba/git/free-droid/training/red_team_eredmeny_2026-08-11_rep_s44.md
Nyers adat → /home/csaba/git/free-droid/training/red_team_raw_2026-08-11_rep_s44.json
EXIT_44=0
MIND_KESZ
